#-----------------------------------------------------------
# Webtalk v2019.1 (64-bit)
# SW Build 2552052 on Fri May 24 14:47:09 MDT 2019
# IP Build 2548770 on Fri May 24 18:01:18 MDT 2019
# Start of session at: Thu Sep 10 09:26:20 2020
# Process ID: 9663
# Current directory: /home/bjorn/Desktop/Lekekasse/Array_Sorting/insertion_sort_hw/insertion_sort.sim/sim_1/behav/xsim
# Command line: wbtcv -mode batch -source /home/bjorn/Desktop/Lekekasse/Array_Sorting/insertion_sort_hw/insertion_sort.sim/sim_1/behav/xsim/xsim.dir/register_block_tb_behav/webtalk/xsim_webtalk.tcl -notrace
# Log file: /home/bjorn/Desktop/Lekekasse/Array_Sorting/insertion_sort_hw/insertion_sort.sim/sim_1/behav/xsim/webtalk.log
# Journal file: /home/bjorn/Desktop/Lekekasse/Array_Sorting/insertion_sort_hw/insertion_sort.sim/sim_1/behav/xsim/webtalk.jou
#-----------------------------------------------------------
source /home/bjorn/Desktop/Lekekasse/Array_Sorting/insertion_sort_hw/insertion_sort.sim/sim_1/behav/xsim/xsim.dir/register_block_tb_behav/webtalk/xsim_webtalk.tcl -notrace
